// Jest Snapshot v1, https://goo.gl/fbAQLP

exports[`InfiniteScrolling renders 1`] = `null`;
